// Jest Snapshot v1, https://goo.gl/fbAQLP

exports[`Pruebas en <GifItem/> Debe hacer match con el snapshot 1`] = `
<div>
  <div
    class="card"
  >
    <img
      alt="Date a Live"
      src="https://datealive.com/"
    />
    <p>
      Date a Live
    </p>
  </div>
</div>
`;
